sudo apt update
mkdir app
cd app
gitclone
sudo apt install docker.io
sudo systemctl start docker
cd vijaysales
sudo docker build -t myapp(appname) .
sudo docker run -it -p 4000:8000 myapp

































Welcome to Ubuntu 22.04.3 LTS (GNU/Linux 6.2.0-1017-aws x86_64)

 * Documentation:  https://help.ubuntu.com
 * Management:     https://landscape.canonical.com
 * Support:        https://ubuntu.com/advantage

  System information as of Thu Jan  4 07:25:01 UTC 2024

  System load:  0.46826171875     Processes:             101
  Usage of /:   20.6% of 7.57GB   Users logged in:       0
  Memory usage: 21%               IPv4 address for eth0: 172.31.37.253
  Swap usage:   0%

Expanded Security Maintenance for Applications is not enabled.

0 updates can be applied immediately.

Enable ESM Apps to receive additional future security updates.
See https://ubuntu.com/esm or run: sudo pro status


The list of available updates is more than a week old.
To check for new updates run: sudo apt update


The programs included with the Ubuntu system are free software;
the exact distribution terms for each program are described in the
individual files in /usr/share/doc/*/copyright.

Ubuntu comes with ABSOLUTELY NO WARRANTY, to the extent permitted by
applicable law.

To run a command as administrator (user "root"), use "sudo <command>".
See "man sudo_root" for details.

ubuntu@ip-172-31-37-253:~$ sudo apt update
Hit:1 http://ap-south-1.ec2.archive.ubuntu.com/ubuntu jammy InRelease
Get:2 http://ap-south-1.ec2.archive.ubuntu.com/ubuntu jammy-updates InRelease [119 kB]
Get:3 http://ap-south-1.ec2.archive.ubuntu.com/ubuntu jammy-backports InRelease [109 kB]
Get:4 http://ap-south-1.ec2.archive.ubuntu.com/ubuntu jammy/universe amd64 Packages [14.1 MB]
Get:5 http://security.ubuntu.com/ubuntu jammy-security InRelease [110 kB]
Get:6 http://ap-south-1.ec2.archive.ubuntu.com/ubuntu jammy/universe Translation-en [5652 kB]
Get:7 http://ap-south-1.ec2.archive.ubuntu.com/ubuntu jammy/universe amd64 c-n-f Metadata [286 kB]
Get:8 http://ap-south-1.ec2.archive.ubuntu.com/ubuntu jammy/multiverse amd64 Packages [217 kB]  
Get:9 http://ap-south-1.ec2.archive.ubuntu.com/ubuntu jammy/multiverse Translation-en [112 kB]
Get:10 http://ap-south-1.ec2.archive.ubuntu.com/ubuntu jammy/multiverse amd64 c-n-f Metadata [8372 B]
Get:11 http://ap-south-1.ec2.archive.ubuntu.com/ubuntu jammy-updates/main amd64 Packages [1263 kB]
Get:12 http://ap-south-1.ec2.archive.ubuntu.com/ubuntu jammy-updates/main Translation-en [260 kB]
Get:13 http://ap-south-1.ec2.archive.ubuntu.com/ubuntu jammy-updates/restricted amd64 Packages [1250 kB]
Get:14 http://ap-south-1.ec2.archive.ubuntu.com/ubuntu jammy-updates/restricted Translation-en [203 kB]
Get:15 http://ap-south-1.ec2.archive.ubuntu.com/ubuntu jammy-updates/universe amd64 Packages [1020 kB]
Get:16 http://ap-south-1.ec2.archive.ubuntu.com/ubuntu jammy-updates/universe Translation-en [226 kB]
Get:17 http://ap-south-1.ec2.archive.ubuntu.com/ubuntu jammy-updates/universe amd64 c-n-f Metadata [22.1 kB]
Get:18 http://ap-south-1.ec2.archive.ubuntu.com/ubuntu jammy-updates/multiverse amd64 Packages [41.6 kB]
Get:19 http://ap-south-1.ec2.archive.ubuntu.com/ubuntu jammy-updates/multiverse Translation-en [9768 B]
Get:20 http://ap-south-1.ec2.archive.ubuntu.com/ubuntu jammy-updates/multiverse amd64 c-n-f Metadata [472 B]
Get:21 http://ap-south-1.ec2.archive.ubuntu.com/ubuntu jammy-backports/main amd64 Packages [41.7 kB]
Get:22 http://ap-south-1.ec2.archive.ubuntu.com/ubuntu jammy-backports/main Translation-en [10.5 kB]
Get:23 http://ap-south-1.ec2.archive.ubuntu.com/ubuntu jammy-backports/main amd64 c-n-f Metadata [388 B]
Get:24 http://ap-south-1.ec2.archive.ubuntu.com/ubuntu jammy-backports/restricted amd64 c-n-f Metadata [116 B]
Get:25 http://ap-south-1.ec2.archive.ubuntu.com/ubuntu jammy-backports/universe amd64 Packages [24.3 kB]
Get:26 http://ap-south-1.ec2.archive.ubuntu.com/ubuntu jammy-backports/universe Translation-en [16.5 kB]
Get:27 http://ap-south-1.ec2.archive.ubuntu.com/ubuntu jammy-backports/universe amd64 c-n-f Metadata [644 B]
Get:28 http://ap-south-1.ec2.archive.ubuntu.com/ubuntu jammy-backports/multiverse amd64 c-n-f Metadata [116 B]
Get:29 http://security.ubuntu.com/ubuntu jammy-security/main amd64 Packages [1051 kB]
Get:30 http://security.ubuntu.com/ubuntu jammy-security/main Translation-en [200 kB]
Get:31 http://security.ubuntu.com/ubuntu jammy-security/restricted amd64 Packages [1226 kB]
Get:32 http://security.ubuntu.com/ubuntu jammy-security/restricted Translation-en [200 kB]
Get:33 http://security.ubuntu.com/ubuntu jammy-security/universe amd64 Packages [823 kB]
Get:34 http://security.ubuntu.com/ubuntu jammy-security/universe Translation-en [156 kB]
Get:35 http://security.ubuntu.com/ubuntu jammy-security/universe amd64 c-n-f Metadata [16.8 kB]
Get:36 http://security.ubuntu.com/ubuntu jammy-security/multiverse amd64 Packages [36.5 kB]
Get:37 http://security.ubuntu.com/ubuntu jammy-security/multiverse Translation-en [7060 B]
Get:38 http://security.ubuntu.com/ubuntu jammy-security/multiverse amd64 c-n-f Metadata [260 B]
Fetched 28.8 MB in 5s (5325 kB/s)                                        
Reading package lists... Done
Building dependency tree... Done
Reading state information... Done
32 packages can be upgraded. Run 'apt list --upgradable' to see them.
ubuntu@ip-172-31-37-253:~$ mkdir myapp
ubuntu@ip-172-31-37-253:~$ cd myapp
ubuntu@ip-172-31-37-253:~/myapp$ git clone https://github.com/dnyanendra26/VijaySales.git
Cloning into 'VijaySales'...
Username for 'https://github.com': dnyanendra26
Password for 'https://dnyanendra26@github.com': 
remote: Support for password authentication was removed on August 13, 2021.
remote: Please see https://docs.github.com/en/get-started/getting-started-with-git/about-remote-repositories#cloning-with-https-urls for information on currently recommended modes of authentication.
fatal: Authentication failed for 'https://github.com/dnyanendra26/VijaySales.git/'
ubuntu@ip-172-31-37-253:~/myapp$ git clone https://github.com/dnyanendra26/VijaySales.git
Cloning into 'VijaySales'...
Username for 'https://github.com': dnyanendra26            
Password for 'https://dnyanendra26@github.com': 
remote: Support for password authentication was removed on August 13, 2021.
remote: Please see https://docs.github.com/en/get-started/getting-started-with-git/about-remote-repositories#cloning-with-https-urls for information on currently recommended modes of authentication.
fatal: Authentication failed for 'https://github.com/dnyanendra26/VijaySales.git/'
ubuntu@ip-172-31-37-253:~/myapp$ git clone https://github.com/dnyanendra26/VijaySales.git
Cloning into 'VijaySales'...
remote: Enumerating objects: 15, done.
remote: Counting objects: 100% (15/15), done.
remote: Compressing objects: 100% (12/12), done.
remote: Total 15 (delta 1), reused 10 (delta 0), pack-reused 0
Receiving objects: 100% (15/15), 9.86 KiB | 1.97 MiB/s, done.
Resolving deltas: 100% (1/1), done.
ubuntu@ip-172-31-37-253:~/myapp$ ls
VijaySales
ubuntu@ip-172-31-37-253:~/myapp$ sudo apt install docker.io
Reading package lists... Done
Building dependency tree... Done
Reading state information... Done
The following additional packages will be installed:
  bridge-utils containerd dns-root-data dnsmasq-base pigz runc ubuntu-fan
Suggested packages:
  ifupdown aufs-tools cgroupfs-mount | cgroup-lite debootstrap docker-doc rinse zfs-fuse | zfsutils
The following NEW packages will be installed:
  bridge-utils containerd dns-root-data dnsmasq-base docker.io pigz runc ubuntu-fan
0 upgraded, 8 newly installed, 0 to remove and 32 not upgraded.
Need to get 69.7 MB of archives.
After this operation, 267 MB of additional disk space will be used.
Do you want to continue? [Y/n] Y
Get:1 http://ap-south-1.ec2.archive.ubuntu.com/ubuntu jammy/universe amd64 pigz amd64 2.6-1 [63.6 kB]
Get:2 http://ap-south-1.ec2.archive.ubuntu.com/ubuntu jammy/main amd64 bridge-utils amd64 1.7-1ubuntu3 [34.4 kB]
Get:3 http://ap-south-1.ec2.archive.ubuntu.com/ubuntu jammy-updates/main amd64 runc amd64 1.1.7-0ubuntu1~22.04.1 [4249 kB]
Get:4 http://ap-south-1.ec2.archive.ubuntu.com/ubuntu jammy-updates/main amd64 containerd amd64 1.7.2-0ubuntu1~22.04.1 [36.0 MB]
Get:5 http://ap-south-1.ec2.archive.ubuntu.com/ubuntu jammy/main amd64 dns-root-data all 2021011101 [5256 B]
Get:6 http://ap-south-1.ec2.archive.ubuntu.com/ubuntu jammy-updates/main amd64 dnsmasq-base amd64 2.86-1.1ubuntu0.3 [354 kB]
Get:7 http://ap-south-1.ec2.archive.ubuntu.com/ubuntu jammy-updates/universe amd64 docker.io amd64 24.0.5-0ubuntu1~22.04.1 [28.9 MB]
Get:8 http://ap-south-1.ec2.archive.ubuntu.com/ubuntu jammy/universe amd64 ubuntu-fan all 0.12.16 [35.2 kB]
Fetched 69.7 MB in 1s (59.8 MB/s)
Preconfiguring packages ...
Selecting previously unselected package pigz.
(Reading database ... 64799 files and directories currently installed.)
Preparing to unpack .../0-pigz_2.6-1_amd64.deb ...
Unpacking pigz (2.6-1) ...
Selecting previously unselected package bridge-utils.
Preparing to unpack .../1-bridge-utils_1.7-1ubuntu3_amd64.deb ...
Unpacking bridge-utils (1.7-1ubuntu3) ...
Selecting previously unselected package runc.
Preparing to unpack .../2-runc_1.1.7-0ubuntu1~22.04.1_amd64.deb ...
Unpacking runc (1.1.7-0ubuntu1~22.04.1) ...
Selecting previously unselected package containerd.
Preparing to unpack .../3-containerd_1.7.2-0ubuntu1~22.04.1_amd64.deb ...
Unpacking containerd (1.7.2-0ubuntu1~22.04.1) ...
Selecting previously unselected package dns-root-data.
Preparing to unpack .../4-dns-root-data_2021011101_all.deb ...
Unpacking dns-root-data (2021011101) ...
Selecting previously unselected package dnsmasq-base.
Preparing to unpack .../5-dnsmasq-base_2.86-1.1ubuntu0.3_amd64.deb ...
Unpacking dnsmasq-base (2.86-1.1ubuntu0.3) ...
Selecting previously unselected package docker.io.
Preparing to unpack .../6-docker.io_24.0.5-0ubuntu1~22.04.1_amd64.deb ...
Unpacking docker.io (24.0.5-0ubuntu1~22.04.1) ...
Selecting previously unselected package ubuntu-fan.
Preparing to unpack .../7-ubuntu-fan_0.12.16_all.deb ...
Unpacking ubuntu-fan (0.12.16) ...
Setting up dnsmasq-base (2.86-1.1ubuntu0.3) ...
Setting up runc (1.1.7-0ubuntu1~22.04.1) ...
Setting up dns-root-data (2021011101) ...
Setting up bridge-utils (1.7-1ubuntu3) ...
Setting up pigz (2.6-1) ...
Setting up containerd (1.7.2-0ubuntu1~22.04.1) ...
Created symlink /etc/systemd/system/multi-user.target.wants/containerd.service → /lib/systemd/system/containerd.service.
Setting up ubuntu-fan (0.12.16) ...
Created symlink /etc/systemd/system/multi-user.target.wants/ubuntu-fan.service → /lib/systemd/system/ubuntu-fan.service.
Setting up docker.io (24.0.5-0ubuntu1~22.04.1) ...
Adding group `docker' (GID 122) ...
Done.
Created symlink /etc/systemd/system/multi-user.target.wants/docker.service → /lib/systemd/system/docker.service.
Created symlink /etc/systemd/system/sockets.target.wants/docker.socket → /lib/systemd/system/docker.socket.
Processing triggers for dbus (1.12.20-2ubuntu4.1) ...
Processing triggers for man-db (2.10.2-1) ...
Scanning processes...                                                                                                                                                 
Scanning linux images...                                                                                                                                              

Running kernel seems to be up-to-date.

No services need to be restarted.

No containers need to be restarted.

No user sessions are running outdated binaries.

No VM guests are running outdated hypervisor (qemu) binaries on this host.
ubuntu@ip-172-31-37-253:~/myapp$ sudo systemctl start docker
ubuntu@ip-172-31-37-253:~/myapp$ ^C
ubuntu@ip-172-31-37-253:~/myapp$ ls
VijaySales
ubuntu@ip-172-31-37-253:~/myapp$ cd VijaySales/
ubuntu@ip-172-31-37-253:~/myapp/VijaySales$ ls
Dockerfile  README.md  index.js  package-lock.json  package.json
ubuntu@ip-172-31-37-253:~/myapp/VijaySales$ sudo docker build -t myapp
DEPRECATED: The legacy builder is deprecated and will be removed in a future release.
            Install the buildx component to build images with BuildKit:
            https://docs.docker.com/go/buildx/

"docker build" requires exactly 1 argument.
See 'docker build --help'.

Usage:  docker build [OPTIONS] PATH | URL | -

Build an image from a Dockerfile
ubuntu@ip-172-31-37-253:~/myapp/VijaySales$ sudo docker build -t myapp .
DEPRECATED: The legacy builder is deprecated and will be removed in a future release.
            Install the buildx component to build images with BuildKit:
            https://docs.docker.com/go/buildx/

Sending build context to Docker daemon  100.4kB
Error response from daemon: dockerfile parse error on line 1: FROM requires either one or three arguments
ubuntu@ip-172-31-37-253:~/myapp/VijaySales$ ls
Dockerfile  README.md  index.js  package-lock.json  package.json
ubuntu@ip-172-31-37-253:~/myapp/VijaySales$ docker build -t myapp .
DEPRECATED: The legacy builder is deprecated and will be removed in a future release.
            Install the buildx component to build images with BuildKit:
            https://docs.docker.com/go/buildx/

permission denied while trying to connect to the Docker daemon socket at unix:///var/run/docker.sock: Post "http://%2Fvar%2Frun%2Fdocker.sock/v1.24/build?buildargs=%7B%7D&cachefrom=%5B%5D&cgroupparent=&cpuperiod=0&cpuquota=0&cpusetcpus=&cpusetmems=&cpushares=0&dockerfile=Dockerfile&labels=%7B%7D&memory=0&memswap=0&networkmode=default&rm=1&shmsize=0&t=myapp&target=&ulimits=null&version=1": dial unix /var/run/docker.sock: connect: permission denied
ubuntu@ip-172-31-37-253:~/myapp/VijaySales$ sudo docker build -t myapp .
DEPRECATED: The legacy builder is deprecated and will be removed in a future release.
            Install the buildx component to build images with BuildKit:
            https://docs.docker.com/go/buildx/

Sending build context to Docker daemon  100.4kB
Error response from daemon: dockerfile parse error on line 1: FROM requires either one or three arguments
ubuntu@ip-172-31-37-253:~/myapp/VijaySales$ sudo systemctl start docker
ubuntu@ip-172-31-37-253:~/myapp/VijaySales$ sudo docker build -t myapp .
DEPRECATED: The legacy builder is deprecated and will be removed in a future release.
            Install the buildx component to build images with BuildKit:
            https://docs.docker.com/go/buildx/

Sending build context to Docker daemon  100.4kB
Error response from daemon: dockerfile parse error on line 1: FROM requires either one or three arguments
ubuntu@ip-172-31-37-253:~/myapp/VijaySales$ ls
Dockerfile  README.md  index.js  package-lock.json  package.json
ubuntu@ip-172-31-37-253:~/myapp/VijaySales$ echo Dockerfile
Dockerfile
ubuntu@ip-172-31-37-253:~/myapp/VijaySales$ touch Dockerfile 
ubuntu@ip-172-31-37-253:~/myapp/VijaySales$ nano Dockerfile
ubuntu@ip-172-31-37-253:~/myapp/VijaySales$ sudo docker build -t myapp .
DEPRECATED: The legacy builder is deprecated and will be removed in a future release.
            Install the buildx component to build images with BuildKit:
            https://docs.docker.com/go/buildx/

Sending build context to Docker daemon  100.4kB
Error response from daemon: dockerfile parse error on line 1: FROM requires either one or three arguments
ubuntu@ip-172-31-37-253:~/myapp/VijaySales$ nano Dockerfile
ubuntu@ip-172-31-37-253:~/myapp/VijaySales$ sudo docker build -t myapp .
DEPRECATED: The legacy builder is deprecated and will be removed in a future release.
            Install the buildx component to build images with BuildKit:
            https://docs.docker.com/go/buildx/

Sending build context to Docker daemon  100.4kB
Step 1/5 : FROM node:latest
latest: Pulling from library/node
bc0734b949dc: Pull complete 
b5de22c0f5cd: Pull complete 
917ee5330e73: Pull complete 
b43bd898d5fb: Pull complete 
9b5852c9e7e7: Pull complete 
5b6382a075a3: Pull complete 
773b85e76785: Pull complete 
004ced7a943e: Pull complete 
Digest: sha256:73a9c498369c6e6f864359979c8f4895f28323c07411605e6c870d696a0143fa
Status: Downloaded newer image for node:latest
 ---> b678102cb2bf
Step 2/5 : COPY . /home/app
 ---> 9ca0bea522bc
Step 3/5 : WORKDIR /home/app
 ---> Running in 59ae41d29bcc
Removing intermediate container 59ae41d29bcc
 ---> 0bbf6946da8f
Step 4/5 : RUN npm install
 ---> Running in ccf5a438386e

added 62 packages, and audited 63 packages in 2s

11 packages are looking for funding
  run `npm fund` for details

found 0 vulnerabilities
Removing intermediate container ccf5a438386e
 ---> e36d6c82c554
Step 5/5 : CMD ["node","index"]
 ---> Running in 7168c7dd60fb
Removing intermediate container 7168c7dd60fb
 ---> 0fe49d3e618f
Successfully built 0fe49d3e618f
Successfully tagged myapp:latest
ubuntu@ip-172-31-37-253:~/myapp/VijaySales$ sudo docker run -it -p 4000:8000 myapp
node:events:497
      throw er; // Unhandled 'error' event
      ^

Error: getaddrinfo ENOTFOUND App listening on port 8000..
    at GetAddrInfoReqWrap.onlookup [as oncomplete] (node:dns:107:26)
Emitted 'error' event on Server instance at:
    at GetAddrInfoReqWrap.doListen [as callback] (node:net:2072:12)
    at GetAddrInfoReqWrap.onlookup [as oncomplete] (node:dns:107:17) {
  errno: -3008,
  code: 'ENOTFOUND',
  syscall: 'getaddrinfo',
  hostname: 'App listening on port 8000..'
}

Node.js v21.5.0
ubuntu@ip-172-31-37-253:~/myapp/VijaySales$ nano index.js
ubuntu@ip-172-31-37-253:~/myapp/VijaySales$ sudo docker run -it -p 4000:8000 myapp
node:events:497
      throw er; // Unhandled 'error' event
      ^

Error: getaddrinfo ENOTFOUND App listening on port 8000..
    at GetAddrInfoReqWrap.onlookup [as oncomplete] (node:dns:107:26)
Emitted 'error' event on Server instance at:
    at GetAddrInfoReqWrap.doListen [as callback] (node:net:2072:12)
    at GetAddrInfoReqWrap.onlookup [as oncomplete] (node:dns:107:17) {
  errno: -3008,
  code: 'ENOTFOUND',
  syscall: 'getaddrinfo',
  hostname: 'App listening on port 8000..'
}

Node.js v21.5.0
ubuntu@ip-172-31-37-253:~/myapp/VijaySales$ nano Dockerfile 
ubuntu@ip-172-31-37-253:~/myapp/VijaySales$ sudo docker run -it -p 4000:8000 myapp
node:events:497
      throw er; // Unhandled 'error' event
      ^

Error: getaddrinfo ENOTFOUND App listening on port 8000..
    at GetAddrInfoReqWrap.onlookup [as oncomplete] (node:dns:107:26)
Emitted 'error' event on Server instance at:
    at GetAddrInfoReqWrap.doListen [as callback] (node:net:2072:12)
    at GetAddrInfoReqWrap.onlookup [as oncomplete] (node:dns:107:17) {
  errno: -3008,
  code: 'ENOTFOUND',
  syscall: 'getaddrinfo',
  hostname: 'App listening on port 8000..'
}

Node.js v21.5.0
ubuntu@ip-172-31-37-253:~/myapp/VijaySales$ nano index.js
ubuntu@ip-172-31-37-253:~/myapp/VijaySales$ sudo docker build -t myapp .
DEPRECATED: The legacy builder is deprecated and will be removed in a future release.
            Install the buildx component to build images with BuildKit:
            https://docs.docker.com/go/buildx/

Sending build context to Docker daemon  100.4kB
Step 1/5 : FROM node:latest
 ---> b678102cb2bf
Step 2/5 : COPY . /home/app
 ---> 67643c10d762
Step 3/5 : WORKDIR /home/app
 ---> Running in 79c6378f9403
Removing intermediate container 79c6378f9403
 ---> 91f0142dd82c
Step 4/5 : RUN npm install
 ---> Running in 6d83b2e9875c

added 62 packages, and audited 63 packages in 2s

11 packages are looking for funding
  run `npm fund` for details

found 0 vulnerabilities
Removing intermediate container 6d83b2e9875c
 ---> 1380f1c4ade1
Step 5/5 : CMD node index.js
 ---> Running in 31c15123f22e
Removing intermediate container 31c15123f22e
 ---> 36f020a63922
Successfully built 36f020a63922
Successfully tagged myapp:latest
ubuntu@ip-172-31-37-253:~/myapp/VijaySales$ sudo docker run -it -p 4000:8000 myapp
/home/app/index.js:9
Console.log("App listening on port 8000..");
^

ReferenceError: Console is not defined
    at Object.<anonymous> (/home/app/index.js:9:1)
    at Module._compile (node:internal/modules/cjs/loader:1375:14)
    at Module._extensions..js (node:internal/modules/cjs/loader:1434:10)
    at Module.load (node:internal/modules/cjs/loader:1206:32)
    at Module._load (node:internal/modules/cjs/loader:1022:12)
    at Function.executeUserEntryPoint [as runMain] (node:internal/modules/run_main:142:12)
    at node:internal/main/run_main_module:28:49

Node.js v21.5.0
ubuntu@ip-172-31-37-253:~/myapp/VijaySales$ nano index.js
ubuntu@ip-172-31-37-253:~/myapp/VijaySales$ sudo docker build -t myapp .
DEPRECATED: The legacy builder is deprecated and will be removed in a future release.
            Install the buildx component to build images with BuildKit:
            https://docs.docker.com/go/buildx/

Sending build context to Docker daemon  100.4kB
Step 1/5 : FROM node:latest
 ---> b678102cb2bf
Step 2/5 : COPY . /home/app
 ---> 84e7139bcba3
Step 3/5 : WORKDIR /home/app
 ---> Running in 6439604040cf
Removing intermediate container 6439604040cf
 ---> c97d9d676201
Step 4/5 : RUN npm install
 ---> Running in cc06c0c3c4cc

added 62 packages, and audited 63 packages in 2s

11 packages are looking for funding
  run `npm fund` for details

found 0 vulnerabilities
Removing intermediate container cc06c0c3c4cc
 ---> 9b601452f650
Step 5/5 : CMD node index.js
 ---> Running in 6f63191f2d42
Removing intermediate container 6f63191f2d42
 ---> f3c13ef490a2
Successfully built f3c13ef490a2
Successfully tagged myapp:latest
ubuntu@ip-172-31-37-253:~/myapp/VijaySales$ sudo docker run -it -p 4000:8000 myapp
App listening on port 8000..
